(TranslationUnit (SymbolTable 1 {_lpython_main_program: (Subroutine (SymbolTable 76 {}) _lpython_main_program [] [(SubroutineCall 1 f () [] ())] Source Public Implementation () .false. .false.), f: (Subroutine (SymbolTable 2 {i: (Variable 2 i Local () () Default (Integer 4 []) Source Public Required .false.), ord: (ExternalSymbol 2 ord 4 ord lpython_builtin [] ord Private)}) f [] [(= (Var 2 i) (FunctionCall 2 ord () [((StringConstant "ab" (Character 1 2 () [])))] (Integer 4 []) (IntegerConstant 97 (Integer 4 [])) ()) ()) (Print () [(Var 2 i)] () ())] Source Public Implementation () .false. .false.), lpython_builtin: (IntrinsicModule lpython_builtin), main_program: (Program (SymbolTable 75 {}) main_program [] [(SubroutineCall 1 _lpython_main_program () [] ())])}) [])
